// Jest Snapshot v1, https://goo.gl/fbAQLP

exports[`Accordion renders correctly 1`] = `
<div
  class="yy-accordion"
>
  <div
    class="yy-accordion-item"
  >
    <div
      aria-expanded="false"
      class="yy-accordion-header"
      role="tab"
    >
      <i
        class="arrow"
      />
      标题一
    </div>
  </div>
  <div
    class="yy-accordion-item"
  >
    <div
      aria-expanded="false"
      class="yy-accordion-header"
      role="tab"
    >
      <i
        class="arrow"
      />
      标题二
    </div>
  </div>
</div>
`;
